// Jest Snapshot v1, https://goo.gl/fbAQLP

exports[`NoteCard Component matches snapshot 1`] = `
<div>
  <div
    class="note-card"
  >
    <div
      class="note-card__header"
    >
      <h3
        class="note-card__title"
      >
        Test Title
      </h3>
      <small
        class="note-card__date"
      >
        14 Juni 2025 pukul 17.00
      </small>
    </div>
    <div
      class="note-card__content"
    >
      This is a test content for the note card component.
    </div>
    <div
      class="note-card__actions"
    >
      <button
        aria-label="Hapus catatan"
        class="note-card__delete"
      >
        Hapus
      </button>
    </div>
  </div>
</div>
`;
